[www.online-python.com/index.html]
[www.online-python.com/detroitchicago/boise.js]
[www.online-python.com/detroitchicago/boise420f.js]
[www.online-python.com/detroitchicago/memphis.js]
[www.online-python.com/detroitchicago/memphisd472.js]
[www.online-python.com/detroitchicago/minneapolis.js]
[www.online-python.com/detroitchicago/minneapolis453e.js]
[www.online-python.com/detroitchicago/rochester.js]
[www.online-python.com/detroitchicago/rochester9620.js]
[www.online-python.com/detroitchicago/raleigh.js]
[www.online-python.com/detroitchicago/raleigh2693.js]
[www.online-python.com/detroitchicago/tampa.js]
[www.online-python.com/detroitchicago/tampa45f7.js]
[www.online-python.com/detroitchicago/tulsa.js]
[backblue.gif]
[fade.gif]
[index.html]
[www.online-python.com/detroitchicago/tulsa1fee.js]
[www.online-python.com/logo.png]
[www.online-python.com/assets/bower_components/bootstrap/dist/css/bootstrap.min.css]
[cdnjs.cloudflare.com/ajax/libs/font-awesome/5.13.0/css/all.min.css]
[www.online-python.com/assets/dist/css/idebbfd.css]
[www.online-python.com/assets/bower_components/jquery/dist/jquery.min.js]
[www.online-python.com/assets/bower_components/bootstrap/dist/js/bootstrap.min.js]
[www.online-python.com/assets/dist/js/ide4358.js]
[cdnjs.cloudflare.com/ajax/libs/ace/1.4.8/ace.js]
[cdnjs.cloudflare.com/ajax/libs/ace/1.4.8/ext-language_tools.min.js]
[cdnjs.cloudflare.com/ajax/libs/ace/1.4.8/ext-settings_menu.min.js]
[cdnjs.cloudflare.com/ajax/libs/ace/1.4.8/ext-keybinding_menu.min.js]
[cdnjs.cloudflare.com/ajax/libs/split.js/1.6.2/split.min.js]
[cdnjs.cloudflare.com/ajax/libs/toastr.js/2.1.4/toastr.min.css]
[cdnjs.cloudflare.com/ajax/libs/toastr.js/2.1.4/toastr.min.js]
[cdnjs.cloudflare.com/ajax/libs/socket.io/2.3.0/socket.io.js]
[pagead2.googlesyndication.com/pagead/js/f.txt]
[www.online-python.com/online_python_compiler.html]
[www.online-python.com/online_python_interpreter.html]
[www.online-python.com/about.html]
[www.online-python.com/terms_and_conditions.html]
[www.online-python.com/privacy_policy.html]
[www.online-python.com/main_output.txt]
[www.online-python.com/tardisrocinante/vitals.js]
[www.online-python.com/tardisrocinante/vitals5038.js]
[www.online-python.com/audins.js]
[go.ezodn.com/detroitchicago/audins0d9f.js]
[pixel.quantserve.com/pixel/p-31iz6hfFutd16865b.gif]
[www.online-python.com/beardeddragon/drake.js]
[www.online-python.com/index.html]
[www.online-python.com/beardeddragon/drake6190.js]
[www.online-python.com/assets/bower_components/bootstrap/dist/fonts/glyphicons-halflings-regular.eot]
[www.online-python.com/assets/bower_components/bootstrap/dist/fonts/glyphicons-halflings-regulard41d.eot]
[www.online-python.com/assets/bower_components/bootstrap/dist/fonts/glyphicons-halflings-regular.woff2]
[www.online-python.com/assets/bower_components/bootstrap/dist/fonts/glyphicons-halflings-regular.woff]
[www.online-python.com/assets/bower_components/bootstrap/dist/fonts/glyphicons-halflings-regular.ttf]
[www.online-python.com/assets/bower_components/bootstrap/dist/css/bootstrap.min.css]
[cdnjs.cloudflare.com/ajax/libs/font-awesome/5.13.0/css/all.min.css]
[www.online-python.com/assets/bower_components/bootstrap/dist/fonts/glyphicons-halflings-regular.svg]
[www.online-python.com/assets/dist/css/vicasso/afe27afa1552f15b1f4f7090a35260bb.eot]
[www.online-python.com/assets/dist/css/vicasso/afe27afa1552f15b1f4f7090a35260bbd41d.eot]
[www.online-python.com/assets/dist/css/vicasso/afe27afa1552f15b1f4f7090a35260bb.woff2]
[www.online-python.com/assets/dist/css/vicasso/afe27afa1552f15b1f4f7090a35260bb.woff]
[www.online-python.com/assets/dist/css/vicasso/afe27afa1552f15b1f4f7090a35260bb.ttf]
[www.online-python.com/assets/dist/css/idebbfd.css]
[cdnjs.cloudflare.com/ajax/libs/toastr.js/2.1.4/toastr.min.css]
[www.online-python.com/online_python_compiler.html]
[www.online-python.com/online_python_interpreter.html]
[www.online-python.com/about.html]
[www.online-python.com/terms_and_conditions.html]
[www.online-python.com/assets/dist/css/vicasso/afe27afa1552f15b1f4f7090a35260bb.svg]
[www.online-python.com/detroitchicago/ezd453e.js]
[www.online-python.com/cdn-cgi/l/email-protection.html]
[www.online-python.com/privacy_policy.html]
[www.online-python.com/main_output.html]
[s7.addthis.com/js/300/addthis_widget.html]
[www.online-python.com/audins.html]
[www.online-python.com/cdn-cgi/scripts/5c5dd728/cloudflare-static/email-decode.min.js]
[www.online-python.com/detroitchicago/grapefruit.html]
[www.online-python.com/porpoiseant/army.html]
[www.online-python.com/assets/bower_components/bootstrap/dist/fonts/glyphicons-halflings-regular.svg]
[www.online-python.com/assets/dist/css/vicasso/afe27afa1552f15b1f4f7090a35260bb.svg]
[www.online-python.com/cdn-cgi/l/email-protection.html]
